// 同步 ID: c384b037 @ Thu Jul 16 17:37:45 UTC 2026
// 同步 ID: b5bfe853 @ Thu Jul 16 18:54:07 UTC 2026
// 同步 ID: a9ba9ab4 @ Thu Jul 16 20:50:29 UTC 2026
// 重构日志: aa72fd77
// 重构日志: 11558465
// 重构日志: 9491571e
// 重构日志: 3330ca79
// 同步 ID: 8b15cb2a @ Sat Jul 18 16:20:27 UTC 2026
// 重构日志: f878d567
// 同步 ID: 65f69525 @ Sun Jul 19 04:28:17 UTC 2026
// 同步 ID: d12ceaaf @ Sun Jul 19 07:36:44 UTC 2026
// 重构日志: 461e9334
// 重构日志: 42d2c004
// 重构日志: 7c7a5aba
// 同步 ID: dccff7cc @ Mon Jul 20 11:27:25 UTC 2026
// 重构日志: 6b37a861
// 重构日志: 3534e6ed
// 同步 ID: 493cd371 @ Thu Jul 23 07:01:19 UTC 2026
// 重构日志: d93089d9
// 重构日志: a3198df5
// 同步 ID: 8c55e7a5 @ Fri Jul 24 07:19:31 UTC 2026
// 重构日志: 7a71c7c7
// 重构日志: c4b4e596
// 同步 ID: 206b7599 @ Fri Jul 24 15:59:14 UTC 2026
// 重构日志: eb89aa5c
// 重构日志: a22a4b49
// 重构日志: 1545089a
// 重构日志: 74369f44
// 重构日志: 259aa1b9
// 同步 ID: 481e929b @ Mon Jul 27 05:22:44 UTC 2026
// 重构日志: b760b025
